============================= test session starts =============================
platform win32 -- Python 3.14.3, pytest-8.3.4, pluggy-1.6.0 -- C:\Users\donar\AppData\Local\Python\pythoncore-3.14-64\python.exe
cachedir: .pytest_cache
rootdir: C:\Users\donar\OneDrive\Desktop\rag_project
configfile: pyproject.toml
plugins: anyio-4.13.0, langsmith-0.8.9, cov-6.0.0
collecting ... collected 28 items

tests/integration/test_ingest_api.py::test_ingest_requires_auth PASSED   [  3%]
tests/integration/test_ingest_api.py::test_ingest_txt_file PASSED        [  7%]
tests/integration/test_ingest_api.py::test_ingest_unsupported_type PASSED [ 10%]
tests/integration/test_ingest_api.py::test_ingest_no_file PASSED         [ 14%]
tests/integration/test_query_api.py::test_query_requires_auth PASSED     [ 17%]
tests/integration/test_query_api.py::test_query_valid_request PASSED     [ 21%]
tests/integration/test_query_api.py::test_query_validation_error PASSED  [ 25%]
tests/integration/test_query_api.py::test_health_endpoint PASSED         [ 28%]
tests/integration/test_query_api.py::test_query_sse_streaming PASSED     [ 32%]
tests/unit/test_chunker.py::test_create_splitter_uses_settings PASSED    [ 35%]
tests/unit/test_chunker.py::test_chunk_documents_adds_metadata PASSED    [ 39%]
tests/unit/test_chunker.py::test_chunk_documents_preserves_content PASSED [ 42%]
tests/unit/test_embedder.py::TestGetEmbeddings::test_returns_gemini_embeddings PASSED [ 46%]
tests/unit/test_embedder.py::TestGetEmbeddings::test_caches_instance PASSED [ 50%]
tests/unit/test_embedder.py::TestGetEmbeddings::test_recreate_on_settings_change PASSED [ 53%]
tests/unit/test_embedder.py::TestEmbedDocuments::test_embed_documents_calls_gemini PASSED [ 57%]
tests/unit/test_embedder.py::TestEmbedDocuments::test_embed_documents_empty_list PASSED [ 60%]
tests/unit/test_embedder.py::TestEmbedDocuments::test_embed_documents_dimension_validation PASSED [ 64%]
tests/unit/test_embedder.py::TestEmbedQuery::test_embed_query_returns_vector PASSED [ 67%]
tests/unit/test_embedder.py::TestEnsureEmbeddingsObject::test_passes_for_embeddings_instance PASSED [ 71%]
tests/unit/test_embedder.py::TestEnsureEmbeddingsObject::test_raises_for_non_embeddings PASSED [ 75%]
tests/unit/test_prompt.py::test_count_tokens_positive PASSED             [ 78%]
tests/unit/test_prompt.py::test_format_chunk_for_context PASSED          [ 82%]
tests/unit/test_prompt.py::test_apply_token_budget_drops_low_scoring PASSED [ 85%]
tests/unit/test_prompt.py::test_build_messages_structure PASSED          [ 89%]
tests/unit/test_retriever.py::test_deduplicate_chunks_removes_duplicates PASSED [ 92%]
tests/unit/test_retriever.py::test_mmr_rerank_limits_results PASSED      [ 96%]
tests/unit/test_retriever.py::test_retrieve_with_mock_vector_store PASSED [100%]

============================= 28 passed in 12.97s =============================
